[0.021s] Invoking command in '/home/mario/sam_bot_description/build/sam_bot_description': CMAKE_PREFIX_PATH=${CMAKE_PREFIX_PATH}:/home/mario/turtlebot3_ws/install/turtlebot3_teleop:/home/mario/turtlebot3_ws/install/turtlebot3_example:/home/mario/turtlebot3_ws/install/my_teleop:/home/mario/turtlebot3_ws/install/my_autodrive:/opt/ros/humble /usr/bin/cmake /home/mario/sam_bot_description -DCMAKE_INSTALL_PREFIX=/home/mario/sam_bot_description/install/sam_bot_description
[0.132s] -- The C compiler identification is GNU 11.4.0
[0.209s] -- The CXX compiler identification is GNU 11.4.0
[0.225s] -- Detecting C compiler ABI info
[0.330s] -- Detecting C compiler ABI info - done
[0.341s] -- Check for working C compiler: /usr/bin/cc - skipped
[0.342s] -- Detecting C compile features
[0.342s] -- Detecting C compile features - done
[0.347s] -- Detecting CXX compiler ABI info
[0.462s] -- Detecting CXX compiler ABI info - done
[0.469s] -- Check for working CXX compiler: /usr/bin/c++ - skipped
[0.469s] -- Detecting CXX compile features
[0.470s] -- Detecting CXX compile features - done
[0.493s] -- Found ament_cmake: 1.3.14 (/opt/ros/humble/share/ament_cmake/cmake)
[0.701s] -- Found Python3: /usr/bin/python3 (found version "3.10.12") found components: Interpreter 
[0.885s] -- Found ament_lint_auto: 0.12.15 (/opt/ros/humble/share/ament_lint_auto/cmake)
[1.018s] -- Added test 'cppcheck' to perform static code analysis on C / C++ code
[1.019s] -- Configured cppcheck include dirs: 
[1.019s] -- Configured cppcheck exclude dirs and/or files: 
[1.021s] -- Added test 'flake8' to check Python code syntax and style conventions
[1.023s] -- Added test 'lint_cmake' to check CMake code style
[1.025s] -- Added test 'pep257' to check Python code against some of the docstring style conventions in PEP 257
[1.032s] -- Added test 'uncrustify' to check C / C++ code style
[1.032s] -- Configured uncrustify additional arguments: 
[1.035s] -- Added test 'xmllint' to check XML markup files
[1.038s] -- Configuring done
[1.042s] -- Generating done
[1.044s] -- Build files have been written to: /home/mario/sam_bot_description/build/sam_bot_description
[1.049s] Invoked command in '/home/mario/sam_bot_description/build/sam_bot_description' returned '0': CMAKE_PREFIX_PATH=${CMAKE_PREFIX_PATH}:/home/mario/turtlebot3_ws/install/turtlebot3_teleop:/home/mario/turtlebot3_ws/install/turtlebot3_example:/home/mario/turtlebot3_ws/install/my_teleop:/home/mario/turtlebot3_ws/install/my_autodrive:/opt/ros/humble /usr/bin/cmake /home/mario/sam_bot_description -DCMAKE_INSTALL_PREFIX=/home/mario/sam_bot_description/install/sam_bot_description
[1.052s] Invoking command in '/home/mario/sam_bot_description/build/sam_bot_description': CMAKE_PREFIX_PATH=${CMAKE_PREFIX_PATH}:/home/mario/turtlebot3_ws/install/turtlebot3_teleop:/home/mario/turtlebot3_ws/install/turtlebot3_example:/home/mario/turtlebot3_ws/install/my_teleop:/home/mario/turtlebot3_ws/install/my_autodrive:/opt/ros/humble /usr/bin/cmake --build /home/mario/sam_bot_description/build/sam_bot_description -- -j4 -l4
[1.110s] Invoked command in '/home/mario/sam_bot_description/build/sam_bot_description' returned '0': CMAKE_PREFIX_PATH=${CMAKE_PREFIX_PATH}:/home/mario/turtlebot3_ws/install/turtlebot3_teleop:/home/mario/turtlebot3_ws/install/turtlebot3_example:/home/mario/turtlebot3_ws/install/my_teleop:/home/mario/turtlebot3_ws/install/my_autodrive:/opt/ros/humble /usr/bin/cmake --build /home/mario/sam_bot_description/build/sam_bot_description -- -j4 -l4
[1.126s] Invoking command in '/home/mario/sam_bot_description/build/sam_bot_description': CMAKE_PREFIX_PATH=${CMAKE_PREFIX_PATH}:/home/mario/turtlebot3_ws/install/turtlebot3_teleop:/home/mario/turtlebot3_ws/install/turtlebot3_example:/home/mario/turtlebot3_ws/install/my_teleop:/home/mario/turtlebot3_ws/install/my_autodrive:/opt/ros/humble /usr/bin/cmake --install /home/mario/sam_bot_description/build/sam_bot_description
[1.137s] -- Install configuration: ""
[1.138s] -- Installing: /home/mario/sam_bot_description/install/sam_bot_description/share/sam_bot_description/src
[1.138s] -- Installing: /home/mario/sam_bot_description/install/sam_bot_description/share/sam_bot_description/src/description
[1.138s] -- Installing: /home/mario/sam_bot_description/install/sam_bot_description/share/sam_bot_description/src/description/sam_bot_description.urdf
[1.138s] -- Installing: /home/mario/sam_bot_description/install/sam_bot_description/share/sam_bot_description/src/description/sam_bot_description (copy).urdf
[1.139s] -- Installing: /home/mario/sam_bot_description/install/sam_bot_description/share/sam_bot_description/launch
[1.139s] -- Installing: /home/mario/sam_bot_description/install/sam_bot_description/share/sam_bot_description/launch/display.launch.py
[1.139s] -- Installing: /home/mario/sam_bot_description/install/sam_bot_description/share/sam_bot_description/rviz
[1.139s] -- Installing: /home/mario/sam_bot_description/install/sam_bot_description/share/sam_bot_description/rviz/config.rviz
[1.139s] -- Installing: /home/mario/sam_bot_description/install/sam_bot_description/share/sam_bot_description/config
[1.140s] -- Installing: /home/mario/sam_bot_description/install/sam_bot_description/share/sam_bot_description/config/ekf.yaml
[1.140s] -- Installing: /home/mario/sam_bot_description/install/sam_bot_description/share/sam_bot_description/config/nav2_params.yaml
[1.140s] -- Installing: /home/mario/sam_bot_description/install/sam_bot_description/share/sam_bot_description/world
[1.140s] -- Installing: /home/mario/sam_bot_description/install/sam_bot_description/share/sam_bot_description/world/my_world.sdf
[1.140s] -- Installing: /home/mario/sam_bot_description/install/sam_bot_description/share/ament_index/resource_index/package_run_dependencies/sam_bot_description
[1.140s] -- Installing: /home/mario/sam_bot_description/install/sam_bot_description/share/ament_index/resource_index/parent_prefix_path/sam_bot_description
[1.141s] -- Installing: /home/mario/sam_bot_description/install/sam_bot_description/share/sam_bot_description/environment/ament_prefix_path.sh
[1.141s] -- Installing: /home/mario/sam_bot_description/install/sam_bot_description/share/sam_bot_description/environment/ament_prefix_path.dsv
[1.141s] -- Installing: /home/mario/sam_bot_description/install/sam_bot_description/share/sam_bot_description/environment/path.sh
[1.142s] -- Installing: /home/mario/sam_bot_description/install/sam_bot_description/share/sam_bot_description/environment/path.dsv
[1.142s] -- Installing: /home/mario/sam_bot_description/install/sam_bot_description/share/sam_bot_description/local_setup.bash
[1.142s] -- Installing: /home/mario/sam_bot_description/install/sam_bot_description/share/sam_bot_description/local_setup.sh
[1.142s] -- Installing: /home/mario/sam_bot_description/install/sam_bot_description/share/sam_bot_description/local_setup.zsh
[1.142s] -- Installing: /home/mario/sam_bot_description/install/sam_bot_description/share/sam_bot_description/local_setup.dsv
[1.143s] -- Installing: /home/mario/sam_bot_description/install/sam_bot_description/share/sam_bot_description/package.dsv
[1.143s] -- Installing: /home/mario/sam_bot_description/install/sam_bot_description/share/ament_index/resource_index/packages/sam_bot_description
[1.143s] -- Installing: /home/mario/sam_bot_description/install/sam_bot_description/share/sam_bot_description/cmake/sam_bot_descriptionConfig.cmake
[1.143s] -- Installing: /home/mario/sam_bot_description/install/sam_bot_description/share/sam_bot_description/cmake/sam_bot_descriptionConfig-version.cmake
[1.144s] -- Installing: /home/mario/sam_bot_description/install/sam_bot_description/share/sam_bot_description/package.xml
[1.147s] Invoked command in '/home/mario/sam_bot_description/build/sam_bot_description' returned '0': CMAKE_PREFIX_PATH=${CMAKE_PREFIX_PATH}:/home/mario/turtlebot3_ws/install/turtlebot3_teleop:/home/mario/turtlebot3_ws/install/turtlebot3_example:/home/mario/turtlebot3_ws/install/my_teleop:/home/mario/turtlebot3_ws/install/my_autodrive:/opt/ros/humble /usr/bin/cmake --install /home/mario/sam_bot_description/build/sam_bot_description
